listening on port 6001 ...
  <fax> C set_tx_type type=3 rate=0 short=0 hdlc=0
  <fax> C set_rx_type type=4 rate=300 short=0 hdlc=1
  <fax> C v21 rx status=-2
  <fax> C v21 rx status=-1
  <fax> C v21 rx status=-2
  <fax> C set_tx_type type=4 rate=300 short=0 hdlc=1
  <fax> C v21 rx status=-1
  <fax> C set_tx_type type=1 rate=0 short=200 hdlc=0
  <fax> C set_tx_type type=7 rate=14400 short=0 hdlc=0
  <fax> C set_rx_type type=4 rate=300 short=0 hdlc=1
  <fax> C v21 rx status=-2
  <fax> C set_tx_type type=7 rate=14400 short=1 hdlc=1
  <fax> C v21 rx status=-1
  <fax> C set_tx_type type=4 rate=300 short=0 hdlc=1
  <fax> C set_rx_type type=4 rate=300 short=0 hdlc=1
  <fax> C v21 rx status=-2
  <fax> C set_tx_type type=4 rate=300 short=0 hdlc=1
  <fax> C v21 rx status=-1
  <fax> C set_tx_type type=0 rate=0 short=0 hdlc=0
  <fax> C set_rx_type type=0 rate=0 short=0 hdlc=0
  <fax> C set_tx_type type=8 rate=0 short=0 hdlc=0
Phase E: OK
  pages tx=1 rx=0, 1728x300, 14400 bps
